01-02A PostgreSQL catalog concurrency proof — 2026-08-09

Active catalog:
  CATALOG_URI=jdbc:postgresql://de-demo-postgres:5432/dwh
  CATALOG_JDBC_SCHEMA=public
  CATALOG_JDBC_INITIALIZE=false
  catalog_name=rest_backend

Concurrent clients:
  iceberg-writer: running
  iceberg-medallion: running, SILVER_MODE=legacy, GOLD_SOURCE=legacy, SHADOW_COMPARE=0
  Trino: running and serving dbt queries
  dbt-trino: 26 tests completed successfully while writer/medallion remained active

Observed runtime:
  medallion successful cycles: 2
  medallion work_in_flight at sampled successful cycles: 0
  shadow_mismatches: 0
  ff14_conflicts: 0
  UncheckedSQLException: 0
  SQLITE_BUSY/database locking failures: 0
  metadata pointer divergence: 0
  lost catalog updates: 0
  dbt: PASS=26 WARN=0 ERROR=0

The REST log contained two HTTP 409 AlreadyExistsException responses for
startup namespace creation of already-existing silver/gold namespaces. These
are idempotent initialization races, not SQLite/database locking failures;
medallion completed successful overwrite cycles afterward. They are recorded
separately and do not alter catalog registrations.

Migration boundary:
  metadata/data files rewritten during migration: 0
  snapshots advanced during migration: 0
  subsequent snapshot advances occurred only during normal legacy medallion
  cycles after the PostgreSQL catalog was active.
